\BOOKMARK [1][-]{section.1}{\376\377\000C\000o\000n\000t\000e\000x\000t\000\040\000\046\000\040\000M\000o\000t\000i\000v\000a\000t\000i\000o\000n}{}% 1
\BOOKMARK [2][-]{subsection.1.1}{\376\377\000T\000h\000e\000\040\000E\000n\000s\000t\000r\000o\000p\000h\000y\000\040\000C\000o\000n\000t\000r\000o\000l\000\040\000P\000r\000o\000b\000l\000e\000m}{section.1}% 2
\BOOKMARK [2][-]{subsection.1.2}{\376\377\000L\000i\000m\000i\000t\000a\000t\000i\000o\000n\000s\000\040\000o\000f\000\040\000T\000r\000a\000d\000i\000t\000i\000o\000n\000a\000l\000\040\000A\000p\000p\000r\000o\000a\000c\000h\000e\000s}{section.1}% 3
\BOOKMARK [2][-]{subsection.1.3}{\376\377\000O\000u\000r\000\040\000C\000o\000n\000t\000r\000i\000b\000u\000t\000i\000o\000n}{section.1}% 4
\BOOKMARK [1][-]{section.2}{\376\377\000T\000h\000e\000\040\000D\000u\000a\000l\000-\000S\000c\000a\000l\000e\000\040\000H\000y\000p\000o\000t\000h\000e\000s\000i\000s}{}% 5
\BOOKMARK [2][-]{subsection.2.1}{\376\377\000T\000-\000D\000u\000a\000l\000i\000t\000y\000\040\000i\000n\000\040\000S\000t\000r\000i\000n\000g\000\040\000T\000h\000e\000o\000r\000y}{section.2}% 6
\BOOKMARK [2][-]{subsection.2.2}{\376\377\000A\000p\000p\000l\000i\000c\000a\000t\000i\000o\000n\000\040\000t\000o\000\040\000N\000a\000v\000i\000e\000r\040\023\000S\000t\000o\000k\000e\000s\000\040\000R\000e\000g\000u\000l\000a\000r\000i\000z\000a\000t\000i\000o\000n}{section.2}% 7
\BOOKMARK [2][-]{subsection.2.3}{\376\377\000L\000e\000a\000n\000\040\0004\000\040\000F\000o\000r\000m\000a\000l\000i\000z\000a\000t\000i\000o\000n}{section.2}% 8
\BOOKMARK [2][-]{subsection.2.4}{\376\377\000K\000e\000r\000n\000e\000l\000\040\000C\000o\000m\000p\000i\000l\000a\000t\000i\000o\000n\000\040\000C\000e\000r\000t\000i\000f\000i\000c\000a\000t\000e}{section.2}% 9
\BOOKMARK [1][-]{section.3}{\376\377\000S\000o\000l\000v\000e\000r\000\040\000A\000p\000p\000r\000o\000a\000c\000h}{}% 10
\BOOKMARK [2][-]{subsection.3.1}{\376\377\000E\000T\000D\000-\000R\000K\0004\000\040\000P\000s\000e\000u\000d\000o\000-\000S\000p\000e\000c\000t\000r\000a\000l\000\040\000I\000n\000t\000e\000g\000r\000a\000t\000i\000o\000n\000\040\000\050\0002\000D\000\051}{section.3}% 11
\BOOKMARK [2][-]{subsection.3.2}{\376\377\000L\000e\000r\000a\000y\040\023\000H\000e\000l\000m\000h\000o\000l\000t\000z\000\040\000D\000i\000v\000e\000r\000g\000e\000n\000c\000e\000-\000F\000r\000e\000e\000\040\000P\000r\000o\000j\000e\000c\000t\000i\000o\000n}{section.3}% 12
\BOOKMARK [2][-]{subsection.3.3}{\376\377\000D\000y\000a\000d\000i\000c\000\040\000S\000h\000e\000l\000l\000\040\000C\000a\000s\000c\000a\000d\000e\000\040\000M\000o\000d\000e\000l}{section.3}% 13
\BOOKMARK [2][-]{subsection.3.4}{\376\377\000T\000r\000i\000a\000d\000i\000c\000\040\000F\000r\000u\000s\000t\000r\000a\000t\000i\000o\000n\000\040\000I\000n\000d\000e\000x}{section.3}% 14
\BOOKMARK [1][-]{section.4}{\376\377\000M\000u\000l\000t\000i\000-\000L\000a\000y\000e\000r\000e\000d\000\040\000A\000r\000c\000h\000i\000t\000e\000c\000t\000u\000r\000e}{}% 15
\BOOKMARK [1][-]{section.5}{\376\377\000E\000x\000p\000e\000r\000i\000m\000e\000n\000t\000a\000l\000\040\000R\000e\000s\000u\000l\000t\000s}{}% 16
\BOOKMARK [2][-]{subsection.5.1}{\376\377\000T\000-\000D\000u\000a\000l\000i\000t\000y\000\040\000E\000x\000a\000c\000t\000\040\000R\000a\000t\000i\000o\000n\000a\000l\000\040\000I\000n\000v\000a\000r\000i\000a\000n\000t\000s}{section.5}% 17
\BOOKMARK [2][-]{subsection.5.2}{\376\377\000L\000e\000r\000a\000y\040\023\000H\000e\000l\000m\000h\000o\000l\000t\000z\000\040\000D\000i\000v\000e\000r\000g\000e\000n\000c\000e\000-\000F\000r\000e\000e\000\040\000E\000v\000o\000l\000u\000t\000i\000o\000n}{section.5}% 18
\BOOKMARK [2][-]{subsection.5.3}{\376\377\000T\000a\000y\000l\000o\000r\040\023\000G\000r\000e\000e\000n\000\040\000V\000o\000r\000t\000e\000x\000\040\000V\000i\000s\000c\000o\000u\000s\000\040\000D\000e\000c\000a\000y\000\040\000\050\0002\000D\000\051}{section.5}% 19
\BOOKMARK [2][-]{subsection.5.4}{\376\377\000S\000p\000e\000c\000t\000r\000a\000l\000\040\000P\000i\000p\000e\000l\000i\000n\000e\000\040\000V\000a\000l\000i\000d\000a\000t\000i\000o\000n\000\040\000\050\000H\0001\0007\000\051}{section.5}% 20
\BOOKMARK [2][-]{subsection.5.5}{\376\377\000T\000r\000i\000a\000d\000i\000c\000\040\000F\000r\000u\000s\000t\000r\000a\000t\000i\000o\000n\000\040\000I\000n\000d\000e\000x\000\040\000C\000o\000n\000v\000e\000r\000g\000e\000n\000c\000e\000\040\000\050\000H\0001\0009\000\051}{section.5}% 21
\BOOKMARK [2][-]{subsection.5.6}{\376\377\000A\000I\000\040\000P\000r\000e\000c\000o\000n\000d\000i\000t\000i\000o\000n\000e\000r\000\040\000P\000e\000r\000f\000o\000r\000m\000a\000n\000c\000e}{section.5}% 22
\BOOKMARK [2][-]{subsection.5.7}{\376\377\000P\000r\000o\000d\000u\000c\000t\000i\000o\000n\000\040\000S\000L\000A\000\040\000M\000o\000n\000i\000t\000o\000r\000i\000n\000g\000\040\000\050\000H\0001\0008\000\051}{section.5}% 23
\BOOKMARK [2][-]{subsection.5.8}{\376\377\000E\000m\000b\000e\000d\000d\000e\000d\000\040\000R\000e\000a\000l\000-\000T\000i\000m\000e\000\040\000B\000i\000o\000r\000e\000a\000c\000t\000o\000r\000\040\000C\000o\000n\000t\000r\000o\000l}{section.5}% 24
\BOOKMARK [1][-]{section.6}{\376\377\000C\000o\000m\000p\000a\000r\000i\000s\000o\000n\000\040\000w\000i\000t\000h\000\040\000T\000r\000a\000d\000i\000t\000i\000o\000n\000a\000l\000\040\000C\000F\000D\000\040\000A\000p\000p\000r\000o\000a\000c\000h\000e\000s}{}% 25
\BOOKMARK [1][-]{section.7}{\376\377\000C\000o\000n\000s\000o\000l\000i\000d\000a\000t\000e\000d\000\040\000I\000n\000v\000a\000r\000i\000a\000n\000t\000\040\000T\000a\000b\000l\000e\000\040\000\050\000H\0001\040\023\000H\0001\0009\000\051}{}% 26
\BOOKMARK [1][-]{section.8}{\376\377\000D\000e\000v\000e\000l\000o\000p\000m\000e\000n\000t\000\040\000R\000o\000a\000d\000m\000a\000p}{}% 27
\BOOKMARK [1][-]{section.9}{\376\377\000O\000p\000e\000n\000\040\000P\000o\000i\000n\000t\000s\000\040\000\046\000\040\000K\000n\000o\000w\000n\000\040\000L\000i\000m\000i\000t\000a\000t\000i\000o\000n\000s}{}% 28
\BOOKMARK [1][-]{section.10}{\376\377\000O\000p\000e\000n\000\040\000S\000o\000u\000r\000c\000e\000\040\000\046\000\040\000E\000n\000t\000e\000r\000p\000r\000i\000s\000e\000\040\000O\000p\000p\000o\000r\000t\000u\000n\000i\000t\000y}{}% 29
\BOOKMARK [2][-]{subsection.10.1}{\376\377\000O\000p\000e\000n\000-\000S\000o\000u\000r\000c\000e\000\040\000R\000e\000p\000o\000s\000i\000t\000o\000r\000y}{section.10}% 30
\BOOKMARK [2][-]{subsection.10.2}{\376\377\000C\000o\000m\000m\000e\000r\000c\000i\000a\000l\000\040\000E\000d\000i\000t\000i\000o\000n\000s}{section.10}% 31
\BOOKMARK [1][-]{section.11}{\376\377\000C\000o\000n\000c\000l\000u\000s\000i\000o\000n}{}% 32
\BOOKMARK [2][-]{subsection.11.1}{\376\377\000S\000u\000m\000m\000a\000r\000y\000\040\000o\000f\000\040\000K\000e\000y\000\040\000R\000e\000s\000u\000l\000t\000s}{section.11}% 33
\BOOKMARK [2][-]{subsection.11.2}{\376\377\000L\000i\000m\000i\000t\000a\000t\000i\000o\000n\000s\000\040\000A\000d\000d\000r\000e\000s\000s\000e\000d\000\040\000b\000y\000\040\000R\0001\000\040\000R\000e\000v\000i\000s\000i\000o\000n}{section.11}% 34
\BOOKMARK [1][-]{appendix.A}{\376\377\000R\000e\000s\000p\000o\000n\000s\000e\000\040\000t\000o\000\040\000R\000e\000v\000i\000e\000w\000e\000r\000s}{}% 35
